Command line invocation:
    /Applications/Xcode.app/Contents/Developer/usr/bin/xcodebuild -project CinematicCoreMacOS/CinematicCoreMacOS.xcodeproj -scheme CinematicCoreMacOS -configuration Release -destination platform=macOS -derivedDataPath /tmp/alfie-fixes-release CODE_SIGNING_ALLOWED=NO ALFIE_SOURCE_FINGERPRINT=a809490d5d7a3ad948fafc3a63d6ddd612d274cd1eba836cf049454d6c6ab765 build

Build settings from command line:
    ALFIE_SOURCE_FINGERPRINT = a809490d5d7a3ad948fafc3a63d6ddd612d274cd1eba836cf049454d6c6ab765
    CODE_SIGNING_ALLOWED = NO

--- xcodebuild: WARNING: Using the first of multiple matching destinations:
{ platform:macOS, arch:arm64, id:00006040-000A70203AA0801C, name:My Mac }
{ platform:macOS, arch:x86_64, id:00006040-000A70203AA0801C, name:My Mac }
ComputePackagePrebuildTargetDependencyGraph

Prepare packages

CreateBuildRequest

SendProjectDescription

CreateBuildOperation

ComputeTargetDependencyGraph
note: Building targets in dependency order
note: Target dependency graph (2 targets)
    Target 'CinematicCoreMacOS' in project 'CinematicCoreMacOS'
        ➜ Explicit dependency on target 'CinematicCoreExtension' in project 'CinematicCoreMacOS'
    Target 'CinematicCoreExtension' in project 'CinematicCoreMacOS' (no dependencies)

GatherProvisioningInputs

CreateBuildDescription

ExecuteExternalTool /Applications/Xcode.app/Contents/Developer/Toolchains/XcodeDefault.xctoolchain/usr/bin/clang -v -E -dM -isysroot /Applications/Xcode.app/Contents/Developer/Platforms/MacOSX.platform/Developer/SDKs/MacOSX26.2.sdk -x c -c /dev/null

ExecuteExternalTool /Applications/Xcode.app/Contents/Developer/Toolchains/XcodeDefault.xctoolchain/usr/bin/swiftc --version

ExecuteExternalTool /Applications/Xcode.app/Contents/Developer/usr/bin/actool --version --output-format xml1

ExecuteExternalTool /Applications/Xcode.app/Contents/Developer/Toolchains/XcodeDefault.xctoolchain/usr/bin/ld -version_details

Build description signature: d78615d62c85d92d02f153f3b4d5fd83
Build description path: /tmp/alfie-fixes-release/Build/Intermediates.noindex/XCBuildData/d78615d62c85d92d02f153f3b4d5fd83.xcbuilddata
ClangStatCache /Applications/Xcode.app/Contents/Developer/Toolchains/XcodeDefault.xctoolchain/usr/bin/clang-stat-cache /Applications/Xcode.app/Contents/Developer/Platforms/MacOSX.platform/Developer/SDKs/MacOSX26.2.sdk /tmp/alfie-fixes-release/SDKStatCaches.noindex/macosx26.2-25C57-dc75598d0054f22ec865fa860f139d7200fa09913b459cbbc988d1f6730289ae.sdkstatcache
    cd /Users/stephanmorris/Documents/macOS-rl-viritual-camera/CinematicCoreMacOS/CinematicCoreMacOS.xcodeproj
    /Applications/Xcode.app/Contents/Developer/Toolchains/XcodeDefault.xctoolchain/usr/bin/clang-stat-cache /Applications/Xcode.app/Contents/Developer/Platforms/MacOSX.platform/Developer/SDKs/MacOSX26.2.sdk -o /tmp/alfie-fixes-release/SDKStatCaches.noindex/macosx26.2-25C57-dc75598d0054f22ec865fa860f139d7200fa09913b459cbbc988d1f6730289ae.sdkstatcache

note: Removed stale file '/tmp/alfie-fixes-release/Build/Intermediates.noindex/CinematicCoreMacOS.build/Release/CinematicCoreMacOS.build/empty-Alfie.plist'

ProcessInfoPlistFile /tmp/alfie-fixes-release/Build/Products/Release/Morris.CinematicCoreMacOS.CinematicCoreExtension.systemextension/Contents/Info.plist /Users/stephanmorris/Documents/macOS-rl-viritual-camera/CinematicCoreMacOS/CinematicCoreExtension/Info.plist (in target 'CinematicCoreExtension' from project 'CinematicCoreMacOS')
    cd /Users/stephanmorris/Documents/macOS-rl-viritual-camera/CinematicCoreMacOS
    builtin-infoPlistUtility /Users/stephanmorris/Documents/macOS-rl-viritual-camera/CinematicCoreMacOS/CinematicCoreExtension/Info.plist -producttype com.apple.product-type.system-extension -expandbuildsettings -platform macosx -o /tmp/alfie-fixes-release/Build/Products/Release/Morris.CinematicCoreMacOS.CinematicCoreExtension.systemextension/Contents/Info.plist

Copy /tmp/alfie-fixes-release/Build/Products/Release/Alfie.app/Contents/Library/SystemExtensions/Morris.CinematicCoreMacOS.CinematicCoreExtension.systemextension /tmp/alfie-fixes-release/Build/Products/Release/Morris.CinematicCoreMacOS.CinematicCoreExtension.systemextension (in target 'CinematicCoreMacOS' from project 'CinematicCoreMacOS')
    cd /Users/stephanmorris/Documents/macOS-rl-viritual-camera/CinematicCoreMacOS
    builtin-copy -exclude .DS_Store -exclude CVS -exclude .svn -exclude .git -exclude .hg -exclude Headers -exclude PrivateHeaders -exclude Modules -exclude \*.tbd -resolve-src-symlinks -remove-static-executable /tmp/alfie-fixes-release/Build/Products/Release/Morris.CinematicCoreMacOS.CinematicCoreExtension.systemextension /tmp/alfie-fixes-release/Build/Products/Release/Alfie.app/Contents/Library/SystemExtensions

CopySwiftLibs /tmp/alfie-fixes-release/Build/Products/Release/Alfie.app (in target 'CinematicCoreMacOS' from project 'CinematicCoreMacOS')
    cd /Users/stephanmorris/Documents/macOS-rl-viritual-camera/CinematicCoreMacOS
    builtin-swiftStdLibTool --copy --verbose --scan-executable /tmp/alfie-fixes-release/Build/Products/Release/Alfie.app/Contents/MacOS/Alfie --scan-folder /tmp/alfie-fixes-release/Build/Products/Release/Alfie.app/Contents/Frameworks --scan-folder /tmp/alfie-fixes-release/Build/Products/Release/Alfie.app/Contents/PlugIns --scan-folder /tmp/alfie-fixes-release/Build/Products/Release/Alfie.app/Contents/Library/SystemExtensions --scan-folder /tmp/alfie-fixes-release/Build/Products/Release/Alfie.app/Contents/Extensions --platform macosx --toolchain /var/run/com.apple.security.cryptexd/mnt/com.apple.MobileAsset.MetalToolchain-v17.3.7003.10.InU4CR/Metal.xctoolchain --toolchain /Applications/Xcode.app/Contents/Developer/Toolchains/XcodeDefault.xctoolchain --destination /tmp/alfie-fixes-release/Build/Products/Release/Alfie.app/Contents/Frameworks --strip-bitcode --strip-bitcode-tool /Applications/Xcode.app/Contents/Developer/Toolchains/XcodeDefault.xctoolchain/usr/bin/bitcode_strip --emit-dependency-info /tmp/alfie-fixes-release/Build/Intermediates.noindex/CinematicCoreMacOS.build/Release/CinematicCoreMacOS.build/SwiftStdLibToolInputDependencies.dep --filter-for-swift-os
Ignoring --strip-bitcode because --sign was not passed

ProcessInfoPlistFile /tmp/alfie-fixes-release/Build/Products/Release/Alfie.app/Contents/Info.plist /Users/stephanmorris/Documents/macOS-rl-viritual-camera/CinematicCoreMacOS/BuildInfo.plist (in target 'CinematicCoreMacOS' from project 'CinematicCoreMacOS')
    cd /Users/stephanmorris/Documents/macOS-rl-viritual-camera/CinematicCoreMacOS
    builtin-infoPlistUtility /Users/stephanmorris/Documents/macOS-rl-viritual-camera/CinematicCoreMacOS/BuildInfo.plist -producttype com.apple.product-type.application -genpkginfo /tmp/alfie-fixes-release/Build/Products/Release/Alfie.app/Contents/PkgInfo -expandbuildsettings -platform macosx -additionalcontentfile /tmp/alfie-fixes-release/Build/Intermediates.noindex/CinematicCoreMacOS.build/Release/CinematicCoreMacOS.build/assetcatalog_generated_info.plist -scanforprivacyfile /tmp/alfie-fixes-release/Build/Products/Release/Alfie.app/Contents/Library/SystemExtensions/Morris.CinematicCoreMacOS.CinematicCoreExtension.systemextension -o /tmp/alfie-fixes-release/Build/Products/Release/Alfie.app/Contents/Info.plist

ValidateEmbeddedBinary /tmp/alfie-fixes-release/Build/Products/Release/Alfie.app/Contents/Library/SystemExtensions/Morris.CinematicCoreMacOS.CinematicCoreExtension.systemextension (in target 'CinematicCoreMacOS' from project 'CinematicCoreMacOS')
    cd /Users/stephanmorris/Documents/macOS-rl-viritual-camera/CinematicCoreMacOS
    /Applications/Xcode.app/Contents/Developer/usr/bin/embeddedBinaryValidationUtility /tmp/alfie-fixes-release/Build/Products/Release/Alfie.app/Contents/Library/SystemExtensions/Morris.CinematicCoreMacOS.CinematicCoreExtension.systemextension -info-plist-path /tmp/alfie-fixes-release/Build/Products/Release/Alfie.app/Contents/Info.plist
warning: Morris.CinematicCoreMacOS.CinematicCoreExtension.systemextension is a Foundation extension and must be embedded in the parent app bundle's PlugIns directory, but is embedded in the parent app bundle's Contents/Library/SystemExtensions directory.

GenerateDSYMFile /tmp/alfie-fixes-release/Build/Products/Release/Alfie.app.dSYM /tmp/alfie-fixes-release/Build/Products/Release/Alfie.app/Contents/MacOS/Alfie (in target 'CinematicCoreMacOS' from project 'CinematicCoreMacOS')
    cd /Users/stephanmorris/Documents/macOS-rl-viritual-camera/CinematicCoreMacOS
    /Applications/Xcode.app/Contents/Developer/Toolchains/XcodeDefault.xctoolchain/usr/bin/dsymutil /tmp/alfie-fixes-release/Build/Products/Release/Alfie.app/Contents/MacOS/Alfie -o /tmp/alfie-fixes-release/Build/Products/Release/Alfie.app.dSYM

Validate /tmp/alfie-fixes-release/Build/Products/Release/Alfie.app (in target 'CinematicCoreMacOS' from project 'CinematicCoreMacOS')
    cd /Users/stephanmorris/Documents/macOS-rl-viritual-camera/CinematicCoreMacOS
    builtin-validationUtility /tmp/alfie-fixes-release/Build/Products/Release/Alfie.app -no-validate-extension -infoplist-subpath Contents/Info.plist

RegisterWithLaunchServices /tmp/alfie-fixes-release/Build/Products/Release/Alfie.app (in target 'CinematicCoreMacOS' from project 'CinematicCoreMacOS')
    cd /Users/stephanmorris/Documents/macOS-rl-viritual-camera/CinematicCoreMacOS
    /System/Library/Frameworks/CoreServices.framework/Versions/Current/Frameworks/LaunchServices.framework/Versions/Current/Support/lsregister -f -R -trusted /tmp/alfie-fixes-release/Build/Products/Release/Alfie.app

** BUILD SUCCEEDED **

