2026-07-19 00:50:13 +0000 [MT] Initial pipeline context: <IDEDistributionProcessingPipelineContext: 0xabcd34300; archive(resolved)="<IDEArchive: 0xabc39f790>", distributionTask(resolved)="2", distributionDestination(resolved)="1", distributionMethod(resolved)="<IDEDistributionMethodDeveloperID: 0xabc123a20>", team(resolved)="<IDEProvisioningBasicTeam: 0xabcc796e0; teamID='EPZDEPSV69', teamName='(null)'>">
	Chain (12, self inclusive):
	<IDEDistributionProcessingPipelineContext: 0xabcd34300; archive = "<IDEArchive: 0xabc39f790>", distributionMethod="<IDEDistributionMethodDeveloperID: 0xabc123a20>", team="<IDEProvisioningBasicTeam: 0xabcc796e0; teamID='EPZDEPSV69', teamName='(null)'>">
	<IDEDistributionProcessingPipelineContext: 0xabcd34600; archive = "<IDEArchive: 0xabc39f790>", distributionMethod="<IDEDistributionMethodDeveloperID: 0xabc123a20>", team="<IDEProvisioningBasicTeam: 0xabcc796e0; teamID='EPZDEPSV69', teamName='(null)'>">
	<IDEDistributionContext: 0xaba6ea080; archive = "<IDEArchive: 0xabc39f790>", distributionMethod="<IDEDistributionMethodDeveloperID: 0xabc123a20>", team="<IDEProvisioningBasicTeam: 0xabcc796e0; teamID='EPZDEPSV69', teamName='(null)'>">
	<IDEDistributionContext: 0xaba6e9e00; archive = "<IDEArchive: 0xabc39f790>", distributionMethod="<IDEDistributionMethodDeveloperID: 0xabc123a20>", team="<IDEProvisioningBasicTeam: 0xabcc796e0; teamID='EPZDEPSV69', teamName='(null)'>">
	<IDEDistributionContext: 0xaba6e9b80; archive = "<IDEArchive: 0xabc39f790>", distributionMethod="<IDEDistributionMethodDeveloperID: 0xabc123a20>", team="<IDEProvisioningBasicTeam: 0xabcc796e0; teamID='EPZDEPSV69', teamName='(null)'>">
	<IDEDistributionContext: 0xaba6e9900; archive = "<IDEArchive: 0xabc39f790>", distributionMethod="<IDEDistributionMethodDeveloperID: 0xabc123a20>", team="<IDEProvisioningBasicTeam: 0xabcc796e0; teamID='EPZDEPSV69', teamName='(null)'>">
	<IDEDistributionContext: 0xaba6e9180; archive = "<IDEArchive: 0xabc39f790>", distributionMethod="<IDEDistributionMethodDeveloperID: 0xabc123a20>", team="<IDEProvisioningBasicTeam: 0xabcc796e0; teamID='EPZDEPSV69', teamName='(null)'>">
	<IDEDistributionContext: 0xaba6e8c80; archive = "<IDEArchive: 0xabc39f790>", distributionMethod="<IDEDistributionMethodDeveloperID: 0xabc123a20>", team="<IDEProvisioningBasicTeam: 0xabcc796e0; teamID='EPZDEPSV69', teamName='(null)'>">
	<IDEDistributionContext: 0xaba6e8a00; archive = "<IDEArchive: 0xabc39f790>", distributionMethod="<IDEDistributionMethodDeveloperID: 0xabc123a20>", team="<IDEProvisioningBasicTeam: 0xabcc796e0; teamID='EPZDEPSV69', teamName='(null)'>">
	<IDEDistributionContext: 0xaba6e8780; archive = "<IDEArchive: 0xabc39f790>", distributionMethod="<IDEDistributionMethodDeveloperID: 0xabc123a20>", team="(null)">
	<IDEDistributionContext: 0xaba6e8000; archive = "<IDEArchive: 0xabc39f790>", distributionMethod="<IDEDistributionMethodDeveloperID: 0xabc123a20>", team="(null)">
	<IDEDistributionContext: 0x1030828b0; archive = "<IDEArchive: 0xabc39f790>", distributionMethod="(null)", team="(null)">
</IDEDistributionProcessingPipelineContext: 0xabcd34300>
2026-07-19 00:50:13 +0000 [MT] Processing step: IDEDistributionCreateDestRootStep
2026-07-19 00:50:13 +0000 [MT] Processing step: IDEDistributionCopyItemStep
2026-07-19 00:50:13 +0000 [MT] Running /usr/bin/ditto '-V' '/Users/stephanmorris/Documents/macOS-rl-viritual-camera/CinematicCoreMacOS/build_out/Alfie.xcarchive/Products/Applications/Alfie.app' '/var/folders/58/vj_m9q91351608zhf9_p46n40000gn/T/XcodeDistPipeline.~~~JOo80K/Root/Applications/Alfie.app'
2026-07-19 00:50:13 +0000  >>> Copying /Users/stephanmorris/Documents/macOS-rl-viritual-camera/CinematicCoreMacOS/build_out/Alfie.xcarchive/Products/Applications/Alfie.app 
2026-07-19 00:50:13 +0000  copying file ./Contents/_CodeSignature/CodeResources ... 
2026-07-19 00:50:13 +0000  5015 bytes for ./Contents/_CodeSignature/CodeResources
2026-07-19 00:50:13 +0000  copying file ./Contents/MacOS/Alfie ... 
2026-07-19 00:50:13 +0000  2662288 bytes for ./Contents/MacOS/Alfie
2026-07-19 00:50:13 +0000  copying file ./Contents/Resources/default.metallib ... 
2026-07-19 00:50:13 +0000  16764 bytes for ./Contents/Resources/default.metallib
2026-07-19 00:50:13 +0000  copying file ./Contents/Resources/AppIcon.icns ... 
2026-07-19 00:50:13 +0000  60885 bytes for ./Contents/Resources/AppIcon.icns
2026-07-19 00:50:13 +0000  copying file ./Contents/Resources/CinematicFraming.mlpackage/Manifest.json ... 
2026-07-19 00:50:13 +0000  617 bytes for ./Contents/Resources/CinematicFraming.mlpackage/Manifest.json
2026-07-19 00:50:13 +0000  copying file ./Contents/Resources/CinematicFraming.mlpackage/Data/com.apple.CoreML/weights/weight.bin ... 
2026-07-19 00:50:13 +0000  22656 bytes for ./Contents/Resources/CinematicFraming.mlpackage/Data/com.apple.CoreML/weights/weight.bin
2026-07-19 00:50:13 +0000  copying file ./Contents/Resources/CinematicFraming.mlpackage/Data/com.apple.CoreML/model.mlmodel ... 
2026-07-19 00:50:13 +0000  2560 bytes for ./Contents/Resources/CinematicFraming.mlpackage/Data/com.apple.CoreML/model.mlmodel
2026-07-19 00:50:13 +0000  copying file ./Contents/Resources/Assets.car ... 
2026-07-19 00:50:13 +0000  937224 bytes for ./Contents/Resources/Assets.car
2026-07-19 00:50:13 +0000  copying file ./Contents/Library/SystemExtensions/Morris.CinematicCoreMacOS.CinematicCoreExtension.systemextension/Contents/_CodeSignature/CodeResources ... 
2026-07-19 00:50:13 +0000  2454 bytes for ./Contents/Library/SystemExtensions/Morris.CinematicCoreMacOS.CinematicCoreExtension.systemextension/Contents/_CodeSignature/CodeResources
2026-07-19 00:50:13 +0000  copying file ./Contents/Library/SystemExtensions/Morris.CinematicCoreMacOS.CinematicCoreExtension.systemextension/Contents/MacOS/Morris.CinematicCoreMacOS.CinematicCoreExtension ... 
2026-07-19 00:50:13 +0000  284192 bytes for ./Contents/Library/SystemExtensions/Morris.CinematicCoreMacOS.CinematicCoreExtension.systemextension/Contents/MacOS/Morris.CinematicCoreMacOS.CinematicCoreExtension
2026-07-19 00:50:13 +0000  copying file ./Contents/Library/SystemExtensions/Morris.CinematicCoreMacOS.CinematicCoreExtension.systemextension/Contents/Resources/default.metallib ... 
2026-07-19 00:50:13 +0000  16764 bytes for ./Contents/Library/SystemExtensions/Morris.CinematicCoreMacOS.CinematicCoreExtension.systemextension/Contents/Resources/default.metallib
2026-07-19 00:50:13 +0000  copying file ./Contents/Library/SystemExtensions/Morris.CinematicCoreMacOS.CinematicCoreExtension.systemextension/Contents/Info.plist ... 
2026-07-19 00:50:13 +0000  2130 bytes for ./Contents/Library/SystemExtensions/Morris.CinematicCoreMacOS.CinematicCoreExtension.systemextension/Contents/Info.plist
2026-07-19 00:50:13 +0000  copying file ./Contents/embedded.provisionprofile ... 
2026-07-19 00:50:13 +0000  14940 bytes for ./Contents/embedded.provisionprofile
2026-07-19 00:50:13 +0000  copying file ./Contents/Info.plist ... 
2026-07-19 00:50:13 +0000  1858 bytes for ./Contents/Info.plist
2026-07-19 00:50:13 +0000  copying file ./Contents/PkgInfo ... 
2026-07-19 00:50:13 +0000  8 bytes for ./Contents/PkgInfo
2026-07-19 00:50:13 +0000 [MT] /usr/bin/ditto exited with 0
2026-07-19 00:50:13 +0000 [MT] Processing step: IDEDistributionEmbedProfileStep
2026-07-19 00:50:13 +0000 [MT] Skipping profile for item: <IDEDistributionItem: 0xabcc29d40; bundleID='Morris.CinematicCoreMacOS.CinematicCoreExtension', path='<DVTFilePath:0xabb09a8a0:'/Users/stephanmorris/Documents/macOS-rl-viritual-camera/CinematicCoreMacOS/build_out/Alfie.xcarchive/Products/Applications/Alfie.app/Contents/Library/SystemExtensions/Morris.CinematicCoreMacOS.CinematicCoreExtension.systemextension'>', codeSigningInfo='<_DVTCodeSigningInformation_Path: 0xabcc29bc0; isSigned='1', isAdHocSigned='0', signingCertificate='<DVTSigningCertificate: 0xabcd1c480; name='Apple Development: Stephan Morris (23SJ5KAP4M)', hash='CD5267BF4D74D74B259012C593BA71F5D99BCF46', serialNumber='399C2EF2D89FEC3F81028D9A4FA87CF6', certificateKinds='(
    "1.2.840.113635.100.6.1.12",
    "1.2.840.113635.100.6.1.2"
), issueDate='2026-05-01 01:48:51 +0000''>', entitlements='{
    "com.apple.security.app-sandbox" = 1;
    "com.apple.security.application-groups" =     (
        "EPZDEPSV69.Morris.CinematicCoreMacOS"
    );
    "com.apple.security.iosurface" = 1;
}', teamID='EPZDEPSV69', identifier='Morris.CinematicCoreMacOS.CinematicCoreExtension', executablePath='<DVTFilePath:0xabb09a940:'/Users/stephanmorris/Documents/macOS-rl-viritual-camera/CinematicCoreMacOS/build_out/Alfie.xcarchive/Products/Applications/Alfie.app/Contents/Library/SystemExtensions/Morris.CinematicCoreMacOS.CinematicCoreExtension.systemextension/Contents/MacOS/Morris.CinematicCoreMacOS.CinematicCoreExtension'>', hardenedRuntime='1'>'>
2026-07-19 00:50:13 +0000 [MT] Processing step: IDEDistributionInfoPlistStep
2026-07-19 00:50:13 +0000 [MT] Skipping step: IDEDistributionInfoPlistStep because it said so
2026-07-19 00:50:13 +0000 [MT] Skipping step: IDEDistributionInfoPlistStep because it said so
2026-07-19 00:50:13 +0000 [MT] Processing step: IDEDistributionAppThinningPlistStep
2026-07-19 00:50:13 +0000 [MT] Processing step: IDEDistributionSymbolsStep
2026-07-19 00:50:13 +0000 [MT] Skipping step: IDEDistributionSymbolsStep because it said so
2026-07-19 00:50:13 +0000 [MT] Processing step: IDEDistributionAppThinningStep
2026-07-19 00:50:13 +0000 [MT] Skipping step: IDEDistributionAppThinningStep because it said so
2026-07-19 00:50:13 +0000 [MT] Processing step: IDEDistributionArchThinningStep
2026-07-19 00:50:13 +0000 [MT] Archs to thin for item /Users/stephanmorris/Documents/macOS-rl-viritual-camera/CinematicCoreMacOS/build_out/Alfie.xcarchive/Products/Applications/Alfie.app/Contents/Library/SystemExtensions/Morris.CinematicCoreMacOS.CinematicCoreExtension.systemextension are []
2026-07-19 00:50:13 +0000 [MT] Archs to thin for item /Users/stephanmorris/Documents/macOS-rl-viritual-camera/CinematicCoreMacOS/build_out/Alfie.xcarchive/Products/Applications/Alfie.app are []
2026-07-19 00:50:13 +0000 [MT] Processing step: IDEDistributionODRStep
2026-07-19 00:50:13 +0000 [MT] Processing step: IDEDistributionStripXattrsStep
2026-07-19 00:50:13 +0000 [MT] Skipping stripping extended attributes because the codesign step will strip them.
2026-07-19 00:50:13 +0000 [MT] Skipping stripping extended attributes because the codesign step will strip them.
2026-07-19 00:50:13 +0000 [MT] Processing step: IDEDistributionCodesignStep
2026-07-19 00:50:13 +0000 [MT] Entitlements for <IDEDistributionItem: 0xabcc29d40; bundleID='Morris.CinematicCoreMacOS.CinematicCoreExtension', path='<DVTFilePath:0xabb09a8a0:'/Users/stephanmorris/Documents/macOS-rl-viritual-camera/CinematicCoreMacOS/build_out/Alfie.xcarchive/Products/Applications/Alfie.app/Contents/Library/SystemExtensions/Morris.CinematicCoreMacOS.CinematicCoreExtension.systemextension'>', codeSigningInfo='<_DVTCodeSigningInformation_Path: 0xabcc29bc0; isSigned='1', isAdHocSigned='0', signingCertificate='<DVTSigningCertificate: 0xabcd1c480; name='Apple Development: Stephan Morris (23SJ5KAP4M)', hash='CD5267BF4D74D74B259012C593BA71F5D99BCF46', serialNumber='399C2EF2D89FEC3F81028D9A4FA87CF6', certificateKinds='(
    "1.2.840.113635.100.6.1.12",
    "1.2.840.113635.100.6.1.2"
), issueDate='2026-05-01 01:48:51 +0000''>', entitlements='{
    "com.apple.security.app-sandbox" = 1;
    "com.apple.security.application-groups" =     (
        "EPZDEPSV69.Morris.CinematicCoreMacOS"
    );
    "com.apple.security.iosurface" = 1;
}', teamID='EPZDEPSV69', identifier='Morris.CinematicCoreMacOS.CinematicCoreExtension', executablePath='<DVTFilePath:0xabb09a940:'/Users/stephanmorris/Documents/macOS-rl-viritual-camera/CinematicCoreMacOS/build_out/Alfie.xcarchive/Products/Applications/Alfie.app/Contents/Library/SystemExtensions/Morris.CinematicCoreMacOS.CinematicCoreExtension.systemextension/Contents/MacOS/Morris.CinematicCoreMacOS.CinematicCoreExtension'>', hardenedRuntime='1'>'>: {
    "com.apple.security.app-sandbox" = 1;
    "com.apple.security.application-groups" =     (
        "EPZDEPSV69.Morris.CinematicCoreMacOS"
    );
    "com.apple.security.iosurface" = 1;
}
2026-07-19 00:50:13 +0000 [MT] Associated App Clip Identifiers Filter: Skipping because "com.apple.developer.associated-appclip-app-identifiers" is not present
2026-07-19 00:50:13 +0000 [MT] Entitlements for <IDEDistributionItem: 0xabcc29d40; bundleID='Morris.CinematicCoreMacOS.CinematicCoreExtension', path='<DVTFilePath:0xabb09a8a0:'/Users/stephanmorris/Documents/macOS-rl-viritual-camera/CinematicCoreMacOS/build_out/Alfie.xcarchive/Products/Applications/Alfie.app/Contents/Library/SystemExtensions/Morris.CinematicCoreMacOS.CinematicCoreExtension.systemextension'>', codeSigningInfo='<_DVTCodeSigningInformation_Path: 0xabcc29bc0; isSigned='1', isAdHocSigned='0', signingCertificate='<DVTSigningCertificate: 0xabcd1c000; name='Apple Development: Stephan Morris (23SJ5KAP4M)', hash='CD5267BF4D74D74B259012C593BA71F5D99BCF46', serialNumber='399C2EF2D89FEC3F81028D9A4FA87CF6', certificateKinds='(
    "1.2.840.113635.100.6.1.12",
    "1.2.840.113635.100.6.1.2"
), issueDate='2026-05-01 01:48:51 +0000''>', entitlements='{
    "com.apple.security.app-sandbox" = 1;
    "com.apple.security.application-groups" =     (
        "EPZDEPSV69.Morris.CinematicCoreMacOS"
    );
    "com.apple.security.iosurface" = 1;
}', teamID='EPZDEPSV69', identifier='Morris.CinematicCoreMacOS.CinematicCoreExtension', executablePath='<DVTFilePath:0xabb09a940:'/Users/stephanmorris/Documents/macOS-rl-viritual-camera/CinematicCoreMacOS/build_out/Alfie.xcarchive/Products/Applications/Alfie.app/Contents/Library/SystemExtensions/Morris.CinematicCoreMacOS.CinematicCoreExtension.systemextension/Contents/MacOS/Morris.CinematicCoreMacOS.CinematicCoreExtension'>', hardenedRuntime='1'>'> are: {
    "com.apple.security.app-sandbox" = 1;
    "com.apple.security.application-groups" =     (
        "EPZDEPSV69.Morris.CinematicCoreMacOS"
    );
    "com.apple.security.iosurface" = 1;
}
2026-07-19 00:50:13 +0000 [MT] Writing entitlements for <IDEDistributionItem: 0xabcc29d40; bundleID='Morris.CinematicCoreMacOS.CinematicCoreExtension', path='<DVTFilePath:0xabb09a8a0:'/Users/stephanmorris/Documents/macOS-rl-viritual-camera/CinematicCoreMacOS/build_out/Alfie.xcarchive/Products/Applications/Alfie.app/Contents/Library/SystemExtensions/Morris.CinematicCoreMacOS.CinematicCoreExtension.systemextension'>', codeSigningInfo='<_DVTCodeSigningInformation_Path: 0xabcc29bc0; isSigned='1', isAdHocSigned='0', signingCertificate='<DVTSigningCertificate: 0xabcd1c000; name='Apple Development: Stephan Morris (23SJ5KAP4M)', hash='CD5267BF4D74D74B259012C593BA71F5D99BCF46', serialNumber='399C2EF2D89FEC3F81028D9A4FA87CF6', certificateKinds='(
    "1.2.840.113635.100.6.1.12",
    "1.2.840.113635.100.6.1.2"
), issueDate='2026-05-01 01:48:51 +0000''>', entitlements='{
    "com.apple.security.app-sandbox" = 1;
    "com.apple.security.application-groups" =     (
        "EPZDEPSV69.Morris.CinematicCoreMacOS"
    );
    "com.apple.security.iosurface" = 1;
}', teamID='EPZDEPSV69', identifier='Morris.CinematicCoreMacOS.CinematicCoreExtension', executablePath='<DVTFilePath:0xabb09a940:'/Users/stephanmorris/Documents/macOS-rl-viritual-camera/CinematicCoreMacOS/build_out/Alfie.xcarchive/Products/Applications/Alfie.app/Contents/Library/SystemExtensions/Morris.CinematicCoreMacOS.CinematicCoreExtension.systemextension/Contents/MacOS/Morris.CinematicCoreMacOS.CinematicCoreExtension'>', hardenedRuntime='1'>'> to: /var/folders/58/vj_m9q91351608zhf9_p46n40000gn/T/XcodeDistPipeline.~~~JOo80K/entitlements~~~oKUwCc
2026-07-19 00:50:13 +0000 [MT] invoking codesign: <NSConcreteTask: 0xabb5a8b90; launchPath='/usr/bin/codesign', arguments='(
    "-f",
    "-s",
    2C30247CE8B7AD0D1D244EDADDEA98945DC1ADB6,
    "--entitlements",
    "/var/folders/58/vj_m9q91351608zhf9_p46n40000gn/T/XcodeDistPipeline.~~~JOo80K/entitlements~~~oKUwCc",
    "--requirements",
    "=designated => anchor apple generic  and identifier \"$self.identifier\" and ((cert leaf[field.1.2.840.113635.100.6.1.9] exists) or ( certificate 1[field.1.2.840.113635.100.6.2.6] exists and certificate leaf[field.1.2.840.113635.100.6.1.13] exists  and certificate leaf[subject.OU] = \"EPZDEPSV69\" ))",
    "--preserve-metadata=identifier,flags,runtime,launch-constraints,library-constraints",
    "--generate-entitlement-der",
    "--strip-disallowed-xattrs",
    "-vvv",
    "/var/folders/58/vj_m9q91351608zhf9_p46n40000gn/T/XcodeDistPipeline.~~~JOo80K/Root/Applications/Alfie.app/Contents/Library/SystemExtensions/Morris.CinematicCoreMacOS.CinematicCoreExtension.systemextension"
)'>
2026-07-19 00:50:25 +0000 [MT] codesign output: /var/folders/58/vj_m9q91351608zhf9_p46n40000gn/T/XcodeDistPipeline.~~~JOo80K/Root/Applications/Alfie.app/Contents/Library/SystemExtensions/Morris.CinematicCoreMacOS.CinematicCoreExtension.systemextension: replacing existing signature
/var/folders/58/vj_m9q91351608zhf9_p46n40000gn/T/XcodeDistPipeline.~~~JOo80K/Root/Applications/Alfie.app/Contents/Library/SystemExtensions/Morris.CinematicCoreMacOS.CinematicCoreExtension.systemextension: signed bundle with Mach-O universal (x86_64 arm64) [Morris.CinematicCoreMacOS.CinematicCoreExtension]
2026-07-19 00:50:25 +0000 [MT] Entitlements for <IDEDistributionItem: 0xabcc29c20; bundleID='Morris.CinematicCoreMacOS', path='<DVTFilePath:0xabc3e7a20:'/Users/stephanmorris/Documents/macOS-rl-viritual-camera/CinematicCoreMacOS/build_out/Alfie.xcarchive/Products/Applications/Alfie.app'>', codeSigningInfo='<_DVTCodeSigningInformation_Path: 0xabcc29c80; isSigned='1', isAdHocSigned='0', signingCertificate='<DVTSigningCertificate: 0xabcd1c480; name='Apple Development: Stephan Morris (23SJ5KAP4M)', hash='CD5267BF4D74D74B259012C593BA71F5D99BCF46', serialNumber='399C2EF2D89FEC3F81028D9A4FA87CF6', certificateKinds='(
    "1.2.840.113635.100.6.1.12",
    "1.2.840.113635.100.6.1.2"
), issueDate='2026-05-01 01:48:51 +0000''>', entitlements='{
    "com.apple.application-identifier" = "EPZDEPSV69.Morris.CinematicCoreMacOS";
    "com.apple.developer.system-extension.install" = 1;
    "com.apple.developer.team-identifier" = EPZDEPSV69;
    "com.apple.security.app-sandbox" = 1;
    "com.apple.security.application-groups" =     (
        "EPZDEPSV69.Morris.CinematicCoreMacOS"
    );
    "com.apple.security.device.audio-input" = 1;
    "com.apple.security.device.camera" = 1;
    "com.apple.security.device.usb" = 1;
    "com.apple.security.files.user-selected.read-only" = 1;
    "com.apple.security.iosurface" = 1;
}', teamID='EPZDEPSV69', identifier='Morris.CinematicCoreMacOS', executablePath='<DVTFilePath:0xabcc28780:'/Users/stephanmorris/Documents/macOS-rl-viritual-camera/CinematicCoreMacOS/build_out/Alfie.xcarchive/Products/Applications/Alfie.app/Contents/MacOS/Alfie'>', hardenedRuntime='1'>'>: {
    "com.apple.application-identifier" = "EPZDEPSV69.Morris.CinematicCoreMacOS";
    "com.apple.developer.system-extension.install" = 1;
    "com.apple.developer.team-identifier" = EPZDEPSV69;
    "com.apple.security.app-sandbox" = 1;
    "com.apple.security.application-groups" =     (
        "EPZDEPSV69.Morris.CinematicCoreMacOS"
    );
    "com.apple.security.device.audio-input" = 1;
    "com.apple.security.device.camera" = 1;
    "com.apple.security.device.usb" = 1;
    "com.apple.security.files.user-selected.read-only" = 1;
    "com.apple.security.iosurface" = 1;
}
2026-07-19 00:50:25 +0000 [MT] Associated App Clip Identifiers Filter: Skipping because "com.apple.developer.associated-appclip-app-identifiers" is not present
2026-07-19 00:50:25 +0000 [MT] Entitlements for <IDEDistributionItem: 0xabcc29c20; bundleID='Morris.CinematicCoreMacOS', path='<DVTFilePath:0xabc3e7a20:'/Users/stephanmorris/Documents/macOS-rl-viritual-camera/CinematicCoreMacOS/build_out/Alfie.xcarchive/Products/Applications/Alfie.app'>', codeSigningInfo='<_DVTCodeSigningInformation_Path: 0xabcc29c80; isSigned='1', isAdHocSigned='0', signingCertificate='<DVTSigningCertificate: 0xabcd1c000; name='Apple Development: Stephan Morris (23SJ5KAP4M)', hash='CD5267BF4D74D74B259012C593BA71F5D99BCF46', serialNumber='399C2EF2D89FEC3F81028D9A4FA87CF6', certificateKinds='(
    "1.2.840.113635.100.6.1.12",
    "1.2.840.113635.100.6.1.2"
), issueDate='2026-05-01 01:48:51 +0000''>', entitlements='{
    "com.apple.application-identifier" = "EPZDEPSV69.Morris.CinematicCoreMacOS";
    "com.apple.developer.system-extension.install" = 1;
    "com.apple.developer.team-identifier" = EPZDEPSV69;
    "com.apple.security.app-sandbox" = 1;
    "com.apple.security.application-groups" =     (
        "EPZDEPSV69.Morris.CinematicCoreMacOS"
    );
    "com.apple.security.device.audio-input" = 1;
    "com.apple.security.device.camera" = 1;
    "com.apple.security.device.usb" = 1;
    "com.apple.security.files.user-selected.read-only" = 1;
    "com.apple.security.iosurface" = 1;
}', teamID='EPZDEPSV69', identifier='Morris.CinematicCoreMacOS', executablePath='<DVTFilePath:0xabcc28780:'/Users/stephanmorris/Documents/macOS-rl-viritual-camera/CinematicCoreMacOS/build_out/Alfie.xcarchive/Products/Applications/Alfie.app/Contents/MacOS/Alfie'>', hardenedRuntime='1'>'> are: {
    "com.apple.application-identifier" = "EPZDEPSV69.Morris.CinematicCoreMacOS";
    "com.apple.developer.system-extension.install" = 1;
    "com.apple.developer.team-identifier" = EPZDEPSV69;
    "com.apple.security.app-sandbox" = 1;
    "com.apple.security.application-groups" =     (
        "EPZDEPSV69.Morris.CinematicCoreMacOS"
    );
    "com.apple.security.device.audio-input" = 1;
    "com.apple.security.device.camera" = 1;
    "com.apple.security.device.usb" = 1;
    "com.apple.security.files.user-selected.read-only" = 1;
    "com.apple.security.iosurface" = 1;
}
2026-07-19 00:50:25 +0000 [MT] Writing entitlements for <IDEDistributionItem: 0xabcc29c20; bundleID='Morris.CinematicCoreMacOS', path='<DVTFilePath:0xabc3e7a20:'/Users/stephanmorris/Documents/macOS-rl-viritual-camera/CinematicCoreMacOS/build_out/Alfie.xcarchive/Products/Applications/Alfie.app'>', codeSigningInfo='<_DVTCodeSigningInformation_Path: 0xabcc29c80; isSigned='1', isAdHocSigned='0', signingCertificate='<DVTSigningCertificate: 0xabcd1c000; name='Apple Development: Stephan Morris (23SJ5KAP4M)', hash='CD5267BF4D74D74B259012C593BA71F5D99BCF46', serialNumber='399C2EF2D89FEC3F81028D9A4FA87CF6', certificateKinds='(
    "1.2.840.113635.100.6.1.12",
    "1.2.840.113635.100.6.1.2"
), issueDate='2026-05-01 01:48:51 +0000''>', entitlements='{
    "com.apple.application-identifier" = "EPZDEPSV69.Morris.CinematicCoreMacOS";
    "com.apple.developer.system-extension.install" = 1;
    "com.apple.developer.team-identifier" = EPZDEPSV69;
    "com.apple.security.app-sandbox" = 1;
    "com.apple.security.application-groups" =     (
        "EPZDEPSV69.Morris.CinematicCoreMacOS"
    );
    "com.apple.security.device.audio-input" = 1;
    "com.apple.security.device.camera" = 1;
    "com.apple.security.device.usb" = 1;
    "com.apple.security.files.user-selected.read-only" = 1;
    "com.apple.security.iosurface" = 1;
}', teamID='EPZDEPSV69', identifier='Morris.CinematicCoreMacOS', executablePath='<DVTFilePath:0xabcc28780:'/Users/stephanmorris/Documents/macOS-rl-viritual-camera/CinematicCoreMacOS/build_out/Alfie.xcarchive/Products/Applications/Alfie.app/Contents/MacOS/Alfie'>', hardenedRuntime='1'>'> to: /var/folders/58/vj_m9q91351608zhf9_p46n40000gn/T/XcodeDistPipeline.~~~JOo80K/entitlements~~~6YbCaj
2026-07-19 00:50:25 +0000 [MT] invoking codesign: <NSConcreteTask: 0xabcf17160; launchPath='/usr/bin/codesign', arguments='(
    "-f",
    "-s",
    2C30247CE8B7AD0D1D244EDADDEA98945DC1ADB6,
    "--entitlements",
    "/var/folders/58/vj_m9q91351608zhf9_p46n40000gn/T/XcodeDistPipeline.~~~JOo80K/entitlements~~~6YbCaj",
    "--requirements",
    "=designated => anchor apple generic  and identifier \"$self.identifier\" and ((cert leaf[field.1.2.840.113635.100.6.1.9] exists) or ( certificate 1[field.1.2.840.113635.100.6.2.6] exists and certificate leaf[field.1.2.840.113635.100.6.1.13] exists  and certificate leaf[subject.OU] = \"EPZDEPSV69\" ))",
    "--preserve-metadata=identifier,flags,runtime,launch-constraints,library-constraints",
    "--generate-entitlement-der",
    "--strip-disallowed-xattrs",
    "-vvv",
    "/var/folders/58/vj_m9q91351608zhf9_p46n40000gn/T/XcodeDistPipeline.~~~JOo80K/Root/Applications/Alfie.app"
)'>
2026-07-19 00:50:29 +0000 [MT] codesign output: /var/folders/58/vj_m9q91351608zhf9_p46n40000gn/T/XcodeDistPipeline.~~~JOo80K/Root/Applications/Alfie.app: replacing existing signature
/var/folders/58/vj_m9q91351608zhf9_p46n40000gn/T/XcodeDistPipeline.~~~JOo80K/Root/Applications/Alfie.app: signed app bundle with Mach-O universal (x86_64 arm64) [Morris.CinematicCoreMacOS]
2026-07-19 00:50:29 +0000 [MT] Processing step: IDEDistributionZipODRItemStep
2026-07-19 00:50:29 +0000 [MT] Skipping step: IDEDistributionZipODRItemStep because it said so
2026-07-19 00:50:29 +0000 [MT] Skipping step: IDEDistributionZipODRItemStep because it said so
2026-07-19 00:50:29 +0000 [MT] Processing step: IDEDistributionSkipPackagingStep
2026-07-19 00:50:29 +0000 [MT] Processing step: IDEDistributionAppStoreInformationStep
2026-07-19 00:50:29 +0000 [MT] Skipping step: IDEDistributionAppStoreInformationStep because it said so
2026-07-19 00:50:29 +0000 [MT] Processing step: IDEDistributionGenerateProcessedDistributionItems
2026-07-19 00:50:29 +0000 [MT] IDEDistributionItem init <DVTFilePath:0xabb0d7700:'/var/folders/58/vj_m9q91351608zhf9_p46n40000gn/T/XcodeDistPipeline.~~~JOo80K/Root/Applications/Alfie.app/Contents/Library/SystemExtensions/Morris.CinematicCoreMacOS.CinematicCoreExtension.systemextension'>
2026-07-19 00:50:29 +0000 [MT] [OPTIONAL] Didn't find embedded provisioning profile for <DVTFilePath:0xabb0d7700:'/var/folders/58/vj_m9q91351608zhf9_p46n40000gn/T/XcodeDistPipeline.~~~JOo80K/Root/Applications/Alfie.app/Contents/Library/SystemExtensions/Morris.CinematicCoreMacOS.CinematicCoreExtension.systemextension'>: Error Domain=NSCocoaErrorDomain Code=4 "No file at <DVTFilePath:0xabce84a80:'/var/folders/58/vj_m9q91351608zhf9_p46n40000gn/T/XcodeDistPipeline.~~~JOo80K/Root/Applications/Alfie.app/Contents/Library/SystemExtensions/Morris.CinematicCoreMacOS.CinematicCoreExtension.systemextension/Contents/embedded.provisionprofile'>" UserInfo={NSLocalizedDescription=No file at <DVTFilePath:0xabce84a80:'/var/folders/58/vj_m9q91351608zhf9_p46n40000gn/T/XcodeDistPipeline.~~~JOo80K/Root/Applications/Alfie.app/Contents/Library/SystemExtensions/Morris.CinematicCoreMacOS.CinematicCoreExtension.systemextension/Contents/embedded.provisionprofile'>}
2026-07-19 00:50:29 +0000 [MT] IDEDistributionItem init <DVTFilePath:0xabb4aa6a0:'/var/folders/58/vj_m9q91351608zhf9_p46n40000gn/T/XcodeDistPipeline.~~~JOo80K/Root/Applications/Alfie.app'>
2026-07-19 00:50:29 +0000 [MT] Processing step: IDEDistributionCreateManifestStep
2026-07-19 00:50:29 +0000 [MT] Skipping step: IDEDistributionCreateManifestStep because it said so
